﻿
> frontend@0.0.0 build
> vite build

[36mvite v8.0.7 [32mbuilding client environment for production...[36m[39m
[2K
transforming...Γ£ô 1775 modules transformed.
node.exe : 
[33m[lightningcss minify] 
Unknown at rule: @tailwind
At line:1 char:1
+ & "C:\Program 
Files\nodejs/node.exe" 
"C:\Program 
Files\nodejs/node_mo ...
+ ~~~~~~~~~~~~~~~~~~~~~~~~~~~
~~~~~~~~~~~~~~~~~~~~~~~~~~~~~
~~~~~~~~~~~~~
    + CategoryInfo           
   : NotSpecified: ([33m[l  
  ightning...rule: @tailwi   
 nd:String) [], RemoteExc    
eption
    + FullyQualifiedErrorId  
   : NativeCommandError
 
1  |  @tailwind base;
   |           ^
2  |  @tailwind components;
3  |  @tailwind 
utilities;[39m
[33m[lightningcss minify] 
Unknown at rule: @tailwind
1  |  @tailwind base;
2  |  @tailwind components;
   |           ^
3  |  @tailwind utilities;
4  |  [39m
[33m[lightningcss minify] 
Unknown at rule: @tailwind
1  |  @tailwind base;
2  |  @tailwind components;
3  |  @tailwind utilities;
   |           ^
4  |  
5  |  @layer base {[39m
[33m[lightningcss minify] 
Unknown at rule: @apply
5  |  @layer base {
6  |    body {
7  |      @apply 
bg-slate-900 text-slate-50 
antialiased min-h-screen;
   |            ^
8  |      margin: 0;
9  |      font-family: 
'Inter', system-ui, Avenir, 
Helvetica, Arial, 
sans-serif;[39m
[33m[lightningcss minify] 
Unknown at rule: @apply
13 |  
14 |  .glass-card {
15 |    @apply bg-white/10 
backdrop-blur-md border 
border-white/20 shadow-xl 
rounded-2xl;
   |          ^
16 |  }
17 |  [39m
rendering chunks...
computing gzip size...
dist/index.html                   0.45 kB Γöé gzip:   0.29 kB
dist/assets/index-BpiyiDbB.css    0.54 kB Γöé gzip:   0.33 kB
dist/assets/index-BR6NxV30.js   414.21 kB Γöé gzip: 138.73 kB

[31mΓ£ù[39m Build failed 
in 1.25s
[31merror during build:
[31mBuild failed with 1 
error:

Error: [vite]: Rolldown 
failed to resolve import 
"papaparse" from "C:/Users/go
wth/OneDrive/Desktop/Presiden
cy/auto-data-analyst/frontend
/src/App.jsx".
This is most likely 
unintended because it can 
break your application at 
runtime.
If you do want to 
externalize this module 
explicitly add it to
`build.rollupOptions.external
`
    at viteLog (file:///C:/Us
ers/gowth/OneDrive/Desktop/Pr
esidency/auto-data-analyst/fr
ontend/node_modules/vite/dist
/node/chunks/node.js:33047:57
)
    at file:///C:/Users/gowth
/OneDrive/Desktop/Presidency/
auto-data-analyst/frontend/no
de_modules/vite/dist/node/chu
nks/node.js:33083:71
    at onwarn (file:///C:/Use
rs/gowth/OneDrive/Desktop/Pre
sidency/auto-data-analyst/fro
ntend/node_modules/@vitejs/pl
ugin-react/dist/index.js:40:7
)
    at file:///C:/Users/gowth
/OneDrive/Desktop/Presidency/
auto-data-analyst/frontend/no
de_modules/vite/dist/node/chu
nks/node.js:33083:28
    at onRollupLog (file:///C
:/Users/gowth/OneDrive/Deskto
p/Presidency/auto-data-analys
t/frontend/node_modules/vite/
dist/node/chunks/node.js:3307
8:63)
    at onLog (file:///C:/User
s/gowth/OneDrive/Desktop/Pres
idency/auto-data-analyst/fron
tend/node_modules/vite/dist/n
ode/chunks/node.js:32847:4)
    at file:///C:/Users/gowth
/OneDrive/Desktop/Presidency/
auto-data-analyst/frontend/no
de_modules/rolldown/dist/shar
ed/rolldown-build-hRnqgxyz.mj
s:50:26
    at logger (file:///C:/Use
rs/gowth/OneDrive/Desktop/Pre
sidency/auto-data-analyst/fro
ntend/node_modules/rolldown/d
ist/shared/rolldown-build-hRn
qgxyz.mjs:41:3)
    at onLog (file:///C:/User
s/gowth/OneDrive/Desktop/Pres
idency/auto-data-analyst/fron
tend/node_modules/rolldown/di
st/shared/bindingify-input-op
tions-4E8MEYg4.mjs:2015:32)[
31m
    at aggregateBindingErrors
IntoJsError (file:///C:/Users
/gowth/OneDrive/Desktop/Presi
dency/auto-data-analyst/front
end/node_modules/rolldown/dis
t/shared/error-DBGOT6sf.mjs:4
8:18)
    at unwrapBindingResult (f
ile:///C:/Users/gowth/OneDriv
e/Desktop/Presidency/auto-dat
a-analyst/frontend/node_modul
es/rolldown/dist/shared/error
-DBGOT6sf.mjs:18:128)
    at #build (file:///C:/Use
rs/gowth/OneDrive/Desktop/Pre
sidency/auto-data-analyst/fro
ntend/node_modules/rolldown/d
ist/shared/rolldown-build-hRn
qgxyz.mjs:3313:34)
    at async 
buildEnvironment (file:///C:/
Users/gowth/OneDrive/Desktop/
Presidency/auto-data-analyst/
frontend/node_modules/vite/di
st/node/chunks/node.js:32954:
64)
    at async Object.build (fi
le:///C:/Users/gowth/OneDrive
/Desktop/Presidency/auto-data
-analyst/frontend/node_module
s/vite/dist/node/chunks/node.
js:33376:19)
    at async Object.buildApp 
(file:///C:/Users/gowth/OneDr
ive/Desktop/Presidency/auto-d
ata-analyst/frontend/node_mod
ules/vite/dist/node/chunks/no
de.js:33373:153)
    at async CAC.<anonymous> 
(file:///C:/Users/gowth/OneDr
ive/Desktop/Presidency/auto-d
ata-analyst/frontend/node_mod
ules/vite/dist/node/cli.js:77
8:3) {
  errors: [Getter/Setter]
}[39m
